******************************************************************************
                  TI ARM Linker PC v18.1.1                     
******************************************************************************
>> Linked Thu Apr 26 16:19:50 2018

OUTPUT FILE NAME:   <ble5_gemho_temp_cc2640r2lp_app.out>
ENTRY POINT SYMBOL: "ResetISR"  address: 00013855


MEMORY CONFIGURATION

         name            origin    length      used     unused   attr    fill
----------------------  --------  ---------  --------  --------  ----  --------
  FLASH                 00000000   0001f000  00019bce  00005432  R  X
  FLASH_LAST_PAGE       0001f000   00001000  00000058  00000fa8  R  X
  SRAM                  20000000   00004400  00002d73  0000168d  RW X


SEGMENT ALLOCATION MAP

run origin  load origin   length   init length attrs members
----------  ----------- ---------- ----------- ----- -------
00000000    00000000    00018bd4   00018bd4    r-x
  00000000    00000000    0000003c   0000003c    r-- .resetVecs
  0000003c    0000003c    00000fc4   00000fc4    r-x .text.1
  00001000    00001000    00000028   00000028    r-- .const:ti_sysbios_heaps_HeapMem_Module__FXNS__C
  00001028    00001028    00000024   00000024    r-- .const:ti_sysbios_gates_GateHwi_Module__FXNS__C
  0000104c    0000104c    00000024   00000024    r-- .const:ti_sysbios_gates_GateMutex_Module__FXNS__C
  00001070    00001070    00000020   00000020    r-- .const:ti_sysbios_family_arm_m3_Hwi_Object__DESC__C
  00001090    00001090    00000020   00000020    r-- .const:ti_sysbios_gates_GateHwi_Object__DESC__C
  000010b0    000010b0    00000020   00000020    r-- .const:ti_sysbios_gates_GateMutex_Object__DESC__C
  000010d0    000010d0    00000020   00000020    r-- .const:ti_sysbios_hal_Hwi_Object__DESC__C
  000010f0    000010f0    00000020   00000020    r-- .const:ti_sysbios_heaps_HeapMem_Object__DESC__C
  00001110    00001110    00000020   00000020    r-- .const:ti_sysbios_knl_Clock_Object__DESC__C
  00001130    00001130    00000020   00000020    r-- .const:ti_sysbios_knl_Event_Object__DESC__C
  00001150    00001150    00000020   00000020    r-- .const:ti_sysbios_knl_Mailbox_Object__DESC__C
  00001170    00001170    00000020   00000020    r-- .const:ti_sysbios_knl_Queue_Object__DESC__C
  00001190    00001190    00000020   00000020    r-- .const:ti_sysbios_knl_Semaphore_Object__DESC__C
  000011b0    000011b0    00000020   00000020    r-- .const:ti_sysbios_knl_Swi_Object__DESC__C
  000011d0    000011d0    00000020   00000020    r-- .const:ti_sysbios_knl_Task_Object__DESC__C
  000011f0    000011f0    00000008   00000008    r-- .const:ti_sysbios_knl_Idle_funcList__C
  000011f8    000011f8    00000004   00000004    r-- .const:ti_sysbios_family_arm_cc26xx_Timer_startupNeeded__C
  000011fc    000011fc    00000004   00000004    r-- .const:ti_sysbios_family_arm_m3_Hwi_E_alreadyDefined__C
  00001200    00001200    00000004   00000004    r-- .const:ti_sysbios_family_arm_m3_Hwi_E_hwiLimitExceeded__C
  00001204    00001204    00000004   00000004    r-- .const:ti_sysbios_family_arm_m3_Hwi_NUM_INTERRUPTS__C
  00001208    00001208    00000004   00000004    r-- .const:ti_sysbios_family_arm_m3_Hwi_Object__count__C
  0000120c    0000120c    00000004   00000004    r-- .const:ti_sysbios_family_arm_m3_Hwi_Object__table__C
  00001210    00001210    00000004   00000004    r-- .const:ti_sysbios_family_arm_m3_Hwi_ccr__C
  00001214    00001214    00000004   00000004    r-- .const:ti_sysbios_family_arm_m3_Hwi_excHandlerFunc__C
  00001218    00001218    00000004   00000004    r-- .const:ti_sysbios_family_arm_m3_Hwi_nullIsrFunc__C
  0000121c    0000121c    00000004   00000004    r-- .const:ti_sysbios_family_arm_m3_Hwi_numSparseInterrupts__C
  00001220    00001220    00000004   00000004    r-- .const:ti_sysbios_family_arm_m3_Hwi_priGroup__C
  00001224    00001224    00000004   00000004    r-- .const:ti_sysbios_family_arm_m3_TaskSupport_stackAlignment__C
  00001228    00001228    00000004   00000004    r-- .const:ti_sysbios_heaps_HeapMem_E_memory__C
  0000122c    0000122c    00000004   00000004    r-- .const:ti_sysbios_heaps_HeapMem_Module__gateObj__C
  00001230    00001230    00000004   00000004    r-- .const:ti_sysbios_heaps_HeapMem_Object__count__C
  00001234    00001234    00000004   00000004    r-- .const:ti_sysbios_heaps_HeapMem_Object__table__C
  00001238    00001238    00000004   00000004    r-- .const:ti_sysbios_heaps_HeapMem_reqAlign__C
  0000123c    0000123c    00000004   00000004    r-- .const:ti_sysbios_knl_Clock_triggerClock__C
  00001240    00001240    00000004   00000004    r-- .const:ti_sysbios_knl_Mailbox_Object__count__C
  00001244    00001244    00000004   00000004    r-- .const:ti_sysbios_knl_Mailbox_Object__table__C
  00001248    00001248    00000004   00000004    r-- .const:ti_sysbios_knl_Mailbox_maxTypeAlign__C
  0000124c    0000124c    00000004   00000004    r-- .const:ti_sysbios_knl_Queue_Object__count__C
  00001250    00001250    00000004   00000004    r-- .const:ti_sysbios_knl_Queue_Object__table__C
  00001254    00001254    00000004   00000004    r-- .const:ti_sysbios_knl_Semaphore_eventPost__C
  00001258    00001258    00000004   00000004    r-- .const:ti_sysbios_knl_Semaphore_eventSync__C
  0000125c    0000125c    00000004   00000004    r-- .const:ti_sysbios_knl_Swi_Object__count__C
  00001260    00001260    00000004   00000004    r-- .const:ti_sysbios_knl_Swi_Object__table__C
  00001264    00001264    00000004   00000004    r-- .const:ti_sysbios_knl_Swi_numPriorities__C
  00001268    00001268    00000004   00000004    r-- .const:ti_sysbios_knl_Task_Object__count__C
  0000126c    0000126c    00000004   00000004    r-- .const:ti_sysbios_knl_Task_Object__table__C
  00001270    00001270    00000004   00000004    r-- .const:ti_sysbios_knl_Task_allBlockedFunc__C
  00001274    00001274    00000004   00000004    r-- .const:ti_sysbios_knl_Task_defaultStackHeap__C
  00001278    00001278    00000004   00000004    r-- .const:ti_sysbios_knl_Task_defaultStackSize__C
  0000127c    0000127c    00000004   00000004    r-- .const:ti_sysbios_knl_Task_numConstructedTasks__C
  00001280    00001280    00000002   00000002    r-- .const:ti_sysbios_family_arm_cc26xx_Timer_Module__id__C
  00001282    00001282    00000002   00000002    r-- .const:ti_sysbios_family_arm_cc26xx_TimestampProvider_useClockTimer__C
  00001284    00001284    00000002   00000002    r-- .const:ti_sysbios_family_arm_m3_Hwi_Module__id__C
  00001286    00001286    00000002   00000002    r-- .const:ti_sysbios_gates_GateHwi_Module__id__C
  00001288    00001288    00000002   00000002    r-- .const:ti_sysbios_gates_GateMutex_Module__id__C
  0000128a    0000128a    00000002   00000002    r-- .const:ti_sysbios_heaps_HeapMem_Module__id__C
  0000128c    0000128c    00000002   00000002    r-- .const:ti_sysbios_knl_Task_initStackFlag__C
  0000128e    0000128e    00000001   00000001    r-- .const:ti_sysbios_knl_Clock_tickMode__C
  00001290    00001290    00000008   00000008    r-- .const:xdc_runtime_Startup_firstFxns__C
  00001298    00001298    00000008   00000008    r-- .const:xdc_runtime_Startup_lastFxns__C
  000012a0    000012a0    00000004   00000004    r-- .const:xdc_runtime_Assert_E_assertFailed__C
  000012a4    000012a4    00000004   00000004    r-- .const:xdc_runtime_Error_E_memory__C
  000012a8    000012a8    00000004   00000004    r-- .const:xdc_runtime_Error_policyFxn__C
  000012ac    000012ac    00000004   00000004    r-- .const:xdc_runtime_Error_raiseHook__C
  000012b0    000012b0    00000004   00000004    r-- .const:xdc_runtime_IGateProvider_Interface__BASE__C
  000012b4    000012b4    00000004   00000004    r-- .const:xdc_runtime_IHeap_Interface__BASE__C
  000012b8    000012b8    00000004   00000004    r-- .const:xdc_runtime_IModule_Interface__BASE__C
  000012bc    000012bc    00000004   00000004    r-- .const:xdc_runtime_Memory_defaultHeapInstance__C
  000012c0    000012c0    00000004   00000004    r-- .const:xdc_runtime_Startup_execImpl__C
  000012c4    000012c4    00000004   00000004    r-- .const:xdc_runtime_Startup_maxPasses__C
  000012c8    000012c8    00000004   00000004    r-- .const:xdc_runtime_Startup_sfxnRts__C
  000012cc    000012cc    00000004   00000004    r-- .const:xdc_runtime_Startup_sfxnTab__C
  000012d0    000012d0    00000004   00000004    r-- .const:xdc_runtime_Startup_startModsFxn__C
  000012d4    000012d4    00000004   00000004    r-- .const:xdc_runtime_SysCallback_abortFxn__C
  000012d8    000012d8    00000004   00000004    r-- .const:xdc_runtime_SysCallback_exitFxn__C
  000012dc    000012dc    00000004   00000004    r-- .const:xdc_runtime_System_abortFxn__C
  000012e0    000012e0    00000004   00000004    r-- .const:xdc_runtime_System_exitFxn__C
  000012e4    000012e4    00000004   00000004    r-- .const:xdc_runtime_System_maxAtexitHandlers__C
  000012e8    000012e8    00000004   00000004    r-- .const:xdc_runtime_Text_charTab__C
  000012ec    000012ec    00000004   00000004    r-- .const:xdc_runtime_Text_nameEmpty__C
  000012f0    000012f0    00000004   00000004    r-- .const:xdc_runtime_Text_nameStatic__C
  000012f4    000012f4    00000004   00000004    r-- .const:xdc_runtime_Text_nameUnknown__C
  000012f8    000012f8    00000002   00000002    r-- .const:xdc_runtime_Error_maxDepth__C
  000012fa    000012fa    00000002   00000002    r-- .const:xdc_runtime_Memory_Module__id__C
  000012fc    000012fc    00000002   00000002    r-- .const:xdc_runtime_Text_charCnt__C
  000012fe    000012fe    00000002   00000002    r-- .const:xdc_runtime_Text_isLoaded__C
  00001300    00001300    00000001   00000001    r-- .const:xdc_runtime_Error_policy__C
  00001304    00001304    00000004   00000004    r-- .const:ti_sysbios_rom_ROM_ti_sysbios_family_arm_cc26xx_Timer_getCount64__E
  00001308    00001308    00000004   00000004    r-- .const:ti_sysbios_rom_ROM_ti_sysbios_family_arm_cc26xx_Timer_getCurrentTick__E
  0000130c    0000130c    00000004   00000004    r-- .const:ti_sysbios_rom_ROM_ti_sysbios_family_arm_cc26xx_Timer_getMaxTicks__E
  00001310    00001310    00000004   00000004    r-- .const:ti_sysbios_rom_ROM_ti_sysbios_family_arm_cc26xx_Timer_initDevice__I
  00001314    00001314    00000004   00000004    r-- .const:ti_sysbios_rom_ROM_ti_sysbios_family_arm_cc26xx_Timer_setNextTick__E
  00001318    00001318    00000004   00000004    r-- .const:ti_sysbios_rom_ROM_ti_sysbios_family_arm_cc26xx_Timer_setThreshold__I
  0000131c    0000131c    00000004   00000004    r-- .const:ti_sysbios_rom_ROM_ti_sysbios_family_arm_cc26xx_Timer_start__E
  00001320    00001320    00000004   00000004    r-- .const:ti_sysbios_rom_ROM_ti_sysbios_family_arm_cc26xx_TimestampProvider_get32__E
  00001324    00001324    00000004   00000004    r-- .const:ti_sysbios_rom_ROM_xdc_runtime_Startup_getState__I
  00001328    00001328    00000004   00000004    r-- .const:ti_sysbios_rom_ROM_xdc_runtime_System_SupportProxy_abort__E
  0000132c    0000132c    00000004   00000004    r-- .const:ti_sysbios_rom_ROM_xdc_runtime_System_SupportProxy_exit__E
  00001330    00001330    0001635c   0001635c    r-x .text.2
  0001768c    0001768c    00000ffa   00000ffa    r-- .const
  00018688    00018688    00000090   00000090    r-- .rodata
  00018718    00018718    000004bc   000004bc    r-- .cinit
0001e000    0001e000    00001000   00001000    r--
  0001e000    0001e000    00001000   00001000    r-- .TI.bound:NV_FLASH
0001ffa8    0001ffa8    00000058   00000058    r--
  0001ffa8    0001ffa8    00000058   00000058    r-- .ccfg
20000100    20000100    000028ad   00000000    rw-
  20000100    20000100    00000044   00000000    rw- .data:ti_sysbios_knl_Task_Module__state__V
  20000144    20000144    00000034   00000000    rw- .data:ti_sysbios_family_arm_m3_Hwi_Module__state__V
  20000178    20000178    0000002c   00000000    rw- .data:ti_sysbios_knl_Clock_Module__state__V
  200001a4    200001a4    00000024   00000000    rw- .data:ti_sysbios_BIOS_Module__state__V
  200001c8    200001c8    0000001c   00000000    rw- .data:ti_sysbios_knl_Swi_Module__state__V
  200001e4    200001e4    00000008   00000000    rw- .data:ti_sysbios_family_arm_cc26xx_Timer_Module__state__V
  200001ec    200001ec    00000004   00000000    rw- .data:ti_sysbios_family_arm_cc26xx_TimestampProvider_Module__state__V
  200001f0    200001f0    00000008   00000000    rw- .data:xdc_runtime_Startup_Module__state__V
  200001f8    200001f8    00000008   00000000    rw- .data:xdc_runtime_System_Module__state__V
  20000200    20000200    00000004   00000000    rw- .data:xdc_runtime_Memory_Module__state__V
  20000204    20000204    00000002   00000000    rw- .data:xdc_runtime_Error_Module__state__V
  20000208    20000208    00000e74   00000000    rw- .data
  20001080    20001080    0000192d   00000000    rw- .bss
20004000    20004000    00000400   00000000    rw-
  20004000    20004000    00000400   00000000    rw- .stack


SECTION ALLOCATION MAP

 output                                  attributes/
section   page    origin      length       input sections
--------  ----  ----------  ----------   ----------------
.const:ti_sysbios_heaps_HeapMem_Module__FXNS__C 
*          0    00001000    00000028     
                  00001000    00000028     app_ble_pem3.oem3 (.const:ti_sysbios_heaps_HeapMem_Module__FXNS__C)

.const:ti_sysbios_gates_GateHwi_Module__FXNS__C 
*          0    00001028    00000024     
                  00001028    00000024     app_ble_pem3.oem3 (.const:ti_sysbios_gates_GateHwi_Module__FXNS__C)

.const:ti_sysbios_gates_GateMutex_Module__FXNS__C 
*          0    0000104c    00000024     
                  0000104c    00000024     app_ble_pem3.oem3 (.const:ti_sysbios_gates_GateMutex_Module__FXNS__C)

.const:ti_sysbios_family_arm_m3_Hwi_Object__DESC__C 
*          0    00001070    00000020     
                  00001070    00000020     app_ble_pem3.oem3 (.const:ti_sysbios_family_arm_m3_Hwi_Object__DESC__C)

.const:ti_sysbios_gates_GateHwi_Object__DESC__C 
*          0    00001090    00000020     
                  00001090    00000020     app_ble_pem3.oem3 (.const:ti_sysbios_gates_GateHwi_Object__DESC__C)

.const:ti_sysbios_gates_GateMutex_Object__DESC__C 
*          0    000010b0    00000020     
                  000010b0    00000020     app_ble_pem3.oem3 (.const:ti_sysbios_gates_GateMutex_Object__DESC__C)

.const:ti_sysbios_hal_Hwi_Object__DESC__C 
*          0    000010d0    00000020     
                  000010d0    00000020     app_ble_pem3.oem3 (.const:ti_sysbios_hal_Hwi_Object__DESC__C)

.const:ti_sysbios_heaps_HeapMem_Object__DESC__C 
*          0    000010f0    00000020     
                  000010f0    00000020     app_ble_pem3.oem3 (.const:ti_sysbios_heaps_HeapMem_Object__DESC__C)

.const:ti_sysbios_knl_Clock_Object__DESC__C 
*          0    00001110    00000020     
                  00001110    00000020     app_ble_pem3.oem3 (.const:ti_sysbios_knl_Clock_Object__DESC__C)

.const:ti_sysbios_knl_Event_Object__DESC__C 
*          0    00001130    00000020     
                  00001130    00000020     app_ble_pem3.oem3 (.const:ti_sysbios_knl_Event_Object__DESC__C)

.const:ti_sysbios_knl_Mailbox_Object__DESC__C 
*          0    00001150    00000020     
                  00001150    00000020     app_ble_pem3.oem3 (.const:ti_sysbios_knl_Mailbox_Object__DESC__C)

.const:ti_sysbios_knl_Queue_Object__DESC__C 
*          0    00001170    00000020     
                  00001170    00000020     app_ble_pem3.oem3 (.const:ti_sysbios_knl_Queue_Object__DESC__C)

.const:ti_sysbios_knl_Semaphore_Object__DESC__C 
*          0    00001190    00000020     
                  00001190    00000020     app_ble_pem3.oem3 (.const:ti_sysbios_knl_Semaphore_Object__DESC__C)

.const:ti_sysbios_knl_Swi_Object__DESC__C 
*          0    000011b0    00000020     
                  000011b0    00000020     app_ble_pem3.oem3 (.const:ti_sysbios_knl_Swi_Object__DESC__C)

.const:ti_sysbios_knl_Task_Object__DESC__C 
*          0    000011d0    00000020     
                  000011d0    00000020     app_ble_pem3.oem3 (.const:ti_sysbios_knl_Task_Object__DESC__C)

.const:ti_sysbios_knl_Idle_funcList__C 
*          0    000011f0    00000008     
                  000011f0    00000008     app_ble_pem3.oem3 (.const:ti_sysbios_knl_Idle_funcList__C)

.const:ti_sysbios_family_arm_cc26xx_Timer_startupNeeded__C 
*          0    000011f8    00000004     
                  000011f8    00000004     app_ble_pem3.oem3 (.const:ti_sysbios_family_arm_cc26xx_Timer_startupNeeded__C)

.const:ti_sysbios_family_arm_m3_Hwi_E_alreadyDefined__C 
*          0    000011fc    00000004     
                  000011fc    00000004     app_ble_pem3.oem3 (.const:ti_sysbios_family_arm_m3_Hwi_E_alreadyDefined__C)

.const:ti_sysbios_family_arm_m3_Hwi_E_hwiLimitExceeded__C 
*          0    00001200    00000004     
                  00001200    00000004     app_ble_pem3.oem3 (.const:ti_sysbios_family_arm_m3_Hwi_E_hwiLimitExceeded__C)

.const:ti_sysbios_family_arm_m3_Hwi_NUM_INTERRUPTS__C 
*          0    00001204    00000004     
                  00001204    00000004     app_ble_pem3.oem3 (.const:ti_sysbios_family_arm_m3_Hwi_NUM_INTERRUPTS__C)

.const:ti_sysbios_family_arm_m3_Hwi_Object__count__C 
*          0    00001208    00000004     
                  00001208    00000004     app_ble_pem3.oem3 (.const:ti_sysbios_family_arm_m3_Hwi_Object__count__C)

.const:ti_sysbios_family_arm_m3_Hwi_Object__table__C 
*          0    0000120c    00000004     
                  0000120c    00000004     app_ble_pem3.oem3 (.const:ti_sysbios_family_arm_m3_Hwi_Object__table__C)

.const:ti_sysbios_family_arm_m3_Hwi_ccr__C 
*          0    00001210    00000004     
                  00001210    00000004     app_ble_pem3.oem3 (.const:ti_sysbios_family_arm_m3_Hwi_ccr__C)

.const:ti_sysbios_family_arm_m3_Hwi_excHandlerFunc__C 
*          0    00001214    00000004     
                  00001214    00000004     app_ble_pem3.oem3 (.const:ti_sysbios_family_arm_m3_Hwi_excHandlerFunc__C)

.const:ti_sysbios_family_arm_m3_Hwi_nullIsrFunc__C 
*          0    00001218    00000004     
                  00001218    00000004     app_ble_pem3.oem3 (.const:ti_sysbios_family_arm_m3_Hwi_nullIsrFunc__C)

.const:ti_sysbios_family_arm_m3_Hwi_numSparseInterrupts__C 
*          0    0000121c    00000004     
                  0000121c    00000004     app_ble_pem3.oem3 (.const:ti_sysbios_family_arm_m3_Hwi_numSparseInterrupts__C)

.const:ti_sysbios_family_arm_m3_Hwi_priGroup__C 
*          0    00001220    00000004     
                  00001220    00000004     app_ble_pem3.oem3 (.const:ti_sysbios_family_arm_m3_Hwi_priGroup__C)

.const:ti_sysbios_family_arm_m3_TaskSupport_stackAlignment__C 
*          0    00001224    00000004     
                  00001224    00000004     app_ble_pem3.oem3 (.const:ti_sysbios_family_arm_m3_TaskSupport_stackAlignment__C)

.const:ti_sysbios_heaps_HeapMem_E_memory__C 
*          0    00001228    00000004     
                  00001228    00000004     app_ble_pem3.oem3 (.const:ti_sysbios_heaps_HeapMem_E_memory__C)

.const:ti_sysbios_heaps_HeapMem_Module__gateObj__C 
*          0    0000122c    00000004     
                  0000122c    00000004     app_ble_pem3.oem3 (.const:ti_sysbios_heaps_HeapMem_Module__gateObj__C)

.const:ti_sysbios_heaps_HeapMem_Object__count__C 
*          0    00001230    00000004     
                  00001230    00000004     app_ble_pem3.oem3 (.const:ti_sysbios_heaps_HeapMem_Object__count__C)

.const:ti_sysbios_heaps_HeapMem_Object__table__C 
*          0    00001234    00000004     
                  00001234    00000004     app_ble_pem3.oem3 (.const:ti_sysbios_heaps_HeapMem_Object__table__C)

.const:ti_sysbios_heaps_HeapMem_reqAlign__C 
*          0    00001238    00000004     
                  00001238    00000004     app_ble_pem3.oem3 (.const:ti_sysbios_heaps_HeapMem_reqAlign__C)

.const:ti_sysbios_knl_Clock_triggerClock__C 
*          0    0000123c    00000004     
                  0000123c    00000004     app_ble_pem3.oem3 (.const:ti_sysbios_knl_Clock_triggerClock__C)

.const:ti_sysbios_knl_Mailbox_Object__count__C 
*          0    00001240    00000004     
                  00001240    00000004     app_ble_pem3.oem3 (.const:ti_sysbios_knl_Mailbox_Object__count__C)

.const:ti_sysbios_knl_Mailbox_Object__table__C 
*          0    00001244    00000004     
                  00001244    00000004     app_ble_pem3.oem3 (.const:ti_sysbios_knl_Mailbox_Object__table__C)

.const:ti_sysbios_knl_Mailbox_maxTypeAlign__C 
*          0    00001248    00000004     
                  00001248    00000004     app_ble_pem3.oem3 (.const:ti_sysbios_knl_Mailbox_maxTypeAlign__C)

.const:ti_sysbios_knl_Queue_Object__count__C 
*          0    0000124c    00000004     
                  0000124c    00000004     app_ble_pem3.oem3 (.const:ti_sysbios_knl_Queue_Object__count__C)

.const:ti_sysbios_knl_Queue_Object__table__C 
*          0    00001250    00000004     
                  00001250    00000004     app_ble_pem3.oem3 (.const:ti_sysbios_knl_Queue_Object__table__C)

.const:ti_sysbios_knl_Semaphore_eventPost__C 
*          0    00001254    00000004     
                  00001254    00000004     app_ble_pem3.oem3 (.const:ti_sysbios_knl_Semaphore_eventPost__C)

.const:ti_sysbios_knl_Semaphore_eventSync__C 
*          0    00001258    00000004     
                  00001258    00000004     app_ble_pem3.oem3 (.const:ti_sysbios_knl_Semaphore_eventSync__C)

.const:ti_sysbios_knl_Swi_Object__count__C 
*          0    0000125c    00000004     
                  0000125c    00000004     app_ble_pem3.oem3 (.const:ti_sysbios_knl_Swi_Object__count__C)

.const:ti_sysbios_knl_Swi_Object__table__C 
*          0    00001260    00000004     
                  00001260    00000004     app_ble_pem3.oem3 (.const:ti_sysbios_knl_Swi_Object__table__C)

.const:ti_sysbios_knl_Swi_numPriorities__C 
*          0    00001264    00000004     
                  00001264    00000004     app_ble_pem3.oem3 (.const:ti_sysbios_knl_Swi_numPriorities__C)

.const:ti_sysbios_knl_Task_Object__count__C 
*          0    00001268    00000004     
                  00001268    00000004     app_ble_pem3.oem3 (.const:ti_sysbios_knl_Task_Object__count__C)

.const:ti_sysbios_knl_Task_Object__table__C 
*          0    0000126c    00000004     
                  0000126c    00000004     app_ble_pem3.oem3 (.const:ti_sysbios_knl_Task_Object__table__C)

.const:ti_sysbios_knl_Task_allBlockedFunc__C 
*          0    00001270    00000004     
                  00001270    00000004     app_ble_pem3.oem3 (.const:ti_sysbios_knl_Task_allBlockedFunc__C)

.const:ti_sysbios_knl_Task_defaultStackHeap__C 
*          0    00001274    00000004     
                  00001274    00000004     app_ble_pem3.oem3 (.const:ti_sysbios_knl_Task_defaultStackHeap__C)

.const:ti_sysbios_knl_Task_defaultStackSize__C 
*          0    00001278    00000004     
                  00001278    00000004     app_ble_pem3.oem3 (.const:ti_sysbios_knl_Task_defaultStackSize__C)

.const:ti_sysbios_knl_Task_numConstructedTasks__C 
*          0    0000127c    00000004     
                  0000127c    00000004     app_ble_pem3.oem3 (.const:ti_sysbios_knl_Task_numConstructedTasks__C)

.const:ti_sysbios_family_arm_cc26xx_Timer_Module__id__C 
*          0    00001280    00000002     
                  00001280    00000002     app_ble_pem3.oem3 (.const:ti_sysbios_family_arm_cc26xx_Timer_Module__id__C)

.const:ti_sysbios_family_arm_cc26xx_TimestampProvider_useClockTimer__C 
*          0    00001282    00000002     
                  00001282    00000002     app_ble_pem3.oem3 (.const:ti_sysbios_family_arm_cc26xx_TimestampProvider_useClockTimer__C)

.const:ti_sysbios_family_arm_m3_Hwi_Module__id__C 
*          0    00001284    00000002     
                  00001284    00000002     app_ble_pem3.oem3 (.const:ti_sysbios_family_arm_m3_Hwi_Module__id__C)

.const:ti_sysbios_gates_GateHwi_Module__id__C 
*          0    00001286    00000002     
                  00001286    00000002     app_ble_pem3.oem3 (.const:ti_sysbios_gates_GateHwi_Module__id__C)

.const:ti_sysbios_gates_GateMutex_Module__id__C 
*          0    00001288    00000002     
                  00001288    00000002     app_ble_pem3.oem3 (.const:ti_sysbios_gates_GateMutex_Module__id__C)

.const:ti_sysbios_heaps_HeapMem_Module__id__C 
*          0    0000128a    00000002     
                  0000128a    00000002     app_ble_pem3.oem3 (.const:ti_sysbios_heaps_HeapMem_Module__id__C)

.const:ti_sysbios_knl_Task_initStackFlag__C 
*          0    0000128c    00000002     
                  0000128c    00000002     app_ble_pem3.oem3 (.const:ti_sysbios_knl_Task_initStackFlag__C)

.const:ti_sysbios_knl_Clock_tickMode__C 
*          0    0000128e    00000001     
                  0000128e    00000001     app_ble_pem3.oem3 (.const:ti_sysbios_knl_Clock_tickMode__C)

.const:xdc_runtime_Startup_firstFxns__C 
*          0    00001290    00000008     
                  00001290    00000008     app_ble_pem3.oem3 (.const:xdc_runtime_Startup_firstFxns__C)

.const:xdc_runtime_Startup_lastFxns__C 
*          0    00001298    00000008     
                  00001298    00000008     app_ble_pem3.oem3 (.const:xdc_runtime_Startup_lastFxns__C)

.const:xdc_runtime_Assert_E_assertFailed__C 
*          0    000012a0    00000004     
                  000012a0    00000004     app_ble_pem3.oem3 (.const:xdc_runtime_Assert_E_assertFailed__C)

.const:xdc_runtime_Error_E_memory__C 
*          0    000012a4    00000004     
                  000012a4    00000004     app_ble_pem3.oem3 (.const:xdc_runtime_Error_E_memory__C)

.const:xdc_runtime_Error_policyFxn__C 
*          0    000012a8    00000004     
                  000012a8    00000004     app_ble_pem3.oem3 (.const:xdc_runtime_Error_policyFxn__C)

.const:xdc_runtime_Error_raiseHook__C 
*          0    000012ac    00000004     
                  000012ac    00000004     app_ble_pem3.oem3 (.const:xdc_runtime_Error_raiseHook__C)

.const:xdc_runtime_IGateProvider_Interface__BASE__C 
*          0    000012b0    00000004     
                  000012b0    00000004     app_ble_pem3.oem3 (.const:xdc_runtime_IGateProvider_Interface__BASE__C)

.const:xdc_runtime_IHeap_Interface__BASE__C 
*          0    000012b4    00000004     
                  000012b4    00000004     app_ble_pem3.oem3 (.const:xdc_runtime_IHeap_Interface__BASE__C)

.const:xdc_runtime_IModule_Interface__BASE__C 
*          0    000012b8    00000004     
                  000012b8    00000004     app_ble_pem3.oem3 (.const:xdc_runtime_IModule_Interface__BASE__C)

.const:xdc_runtime_Memory_defaultHeapInstance__C 
*          0    000012bc    00000004     
                  000012bc    00000004     app_ble_pem3.oem3 (.const:xdc_runtime_Memory_defaultHeapInstance__C)

.const:xdc_runtime_Startup_execImpl__C 
*          0    000012c0    00000004     
                  000012c0    00000004     app_ble_pem3.oem3 (.const:xdc_runtime_Startup_execImpl__C)

.const:xdc_runtime_Startup_maxPasses__C 
*          0    000012c4    00000004     
                  000012c4    00000004     app_ble_pem3.oem3 (.const:xdc_runtime_Startup_maxPasses__C)

.const:xdc_runtime_Startup_sfxnRts__C 
*          0    000012c8    00000004     
                  000012c8    00000004     app_ble_pem3.oem3 (.const:xdc_runtime_Startup_sfxnRts__C)

.const:xdc_runtime_Startup_sfxnTab__C 
*          0    000012cc    00000004     
                  000012cc    00000004     app_ble_pem3.oem3 (.const:xdc_runtime_Startup_sfxnTab__C)

.const:xdc_runtime_Startup_startModsFxn__C 
*          0    000012d0    00000004     
                  000012d0    00000004     app_ble_pem3.oem3 (.const:xdc_runtime_Startup_startModsFxn__C)

.const:xdc_runtime_SysCallback_abortFxn__C 
*          0    000012d4    00000004     
                  000012d4    00000004     app_ble_pem3.oem3 (.const:xdc_runtime_SysCallback_abortFxn__C)

.const:xdc_runtime_SysCallback_exitFxn__C 
*          0    000012d8    00000004     
                  000012d8    00000004     app_ble_pem3.oem3 (.const:xdc_runtime_SysCallback_exitFxn__C)

.const:xdc_runtime_System_abortFxn__C 
*          0    000012dc    00000004     
                  000012dc    00000004     app_ble_pem3.oem3 (.const:xdc_runtime_System_abortFxn__C)

.const:xdc_runtime_System_exitFxn__C 
*          0    000012e0    00000004     
                  000012e0    00000004     app_ble_pem3.oem3 (.const:xdc_runtime_System_exitFxn__C)

.const:xdc_runtime_System_maxAtexitHandlers__C 
*          0    000012e4    00000004     
                  000012e4    00000004     app_ble_pem3.oem3 (.const:xdc_runtime_System_maxAtexitHandlers__C)

.const:xdc_runtime_Text_charTab__C 
*          0    000012e8    00000004     
                  000012e8    00000004     app_ble_pem3.oem3 (.const:xdc_runtime_Text_charTab__C)

.const:xdc_runtime_Text_nameEmpty__C 
*          0    000012ec    00000004     
                  000012ec    00000004     app_ble_pem3.oem3 (.const:xdc_runtime_Text_nameEmpty__C)

.const:xdc_runtime_Text_nameStatic__C 
*          0    000012f0    00000004     
                  000012f0    00000004     app_ble_pem3.oem3 (.const:xdc_runtime_Text_nameStatic__C)

.const:xdc_runtime_Text_nameUnknown__C 
*          0    000012f4    00000004     
                  000012f4    00000004     app_ble_pem3.oem3 (.const:xdc_runtime_Text_nameUnknown__C)

.const:xdc_runtime_Error_maxDepth__C 
*          0    000012f8    00000002     
                  000012f8    00000002     app_ble_pem3.oem3 (.const:xdc_runtime_Error_maxDepth__C)

.const:xdc_runtime_Memory_Module__id__C 
*          0    000012fa    00000002     
                  000012fa    00000002     app_ble_pem3.oem3 (.const:xdc_runtime_Memory_Module__id__C)

.const:xdc_runtime_Text_charCnt__C 
*          0    000012fc    00000002     
                  000012fc    00000002     app_ble_pem3.oem3 (.const:xdc_runtime_Text_charCnt__C)

.const:xdc_runtime_Text_isLoaded__C 
*          0    000012fe    00000002     
                  000012fe    00000002     app_ble_pem3.oem3 (.const:xdc_runtime_Text_isLoaded__C)

.const:xdc_runtime_Error_policy__C 
*          0    00001300    00000001     
                  00001300    00000001     app_ble_pem3.oem3 (.const:xdc_runtime_Error_policy__C)

.const:ti_sysbios_rom_ROM_ti_sysbios_family_arm_cc26xx_Timer_getCount64__E 
*          0    00001304    00000004     
                  00001304    00000004     app_ble_pem3.oem3 (.const:ti_sysbios_rom_ROM_ti_sysbios_family_arm_cc26xx_Timer_getCount64__E)

.const:ti_sysbios_rom_ROM_ti_sysbios_family_arm_cc26xx_Timer_getCurrentTick__E 
*          0    00001308    00000004     
                  00001308    00000004     app_ble_pem3.oem3 (.const:ti_sysbios_rom_ROM_ti_sysbios_family_arm_cc26xx_Timer_getCurrentTick__E)

.const:ti_sysbios_rom_ROM_ti_sysbios_family_arm_cc26xx_Timer_getMaxTicks__E 
*          0    0000130c    00000004     
                  0000130c    00000004     app_ble_pem3.oem3 (.const:ti_sysbios_rom_ROM_ti_sysbios_family_arm_cc26xx_Timer_getMaxTicks__E)

.const:ti_sysbios_rom_ROM_ti_sysbios_family_arm_cc26xx_Timer_initDevice__I 
*          0    00001310    00000004     
                  00001310    00000004     app_ble_pem3.oem3 (.const:ti_sysbios_rom_ROM_ti_sysbios_family_arm_cc26xx_Timer_initDevice__I)

.const:ti_sysbios_rom_ROM_ti_sysbios_family_arm_cc26xx_Timer_setNextTick__E 
*          0    00001314    00000004     
                  00001314    00000004     app_ble_pem3.oem3 (.const:ti_sysbios_rom_ROM_ti_sysbios_family_arm_cc26xx_Timer_setNextTick__E)

.const:ti_sysbios_rom_ROM_ti_sysbios_family_arm_cc26xx_Timer_setThreshold__I 
*          0    00001318    00000004     
                  00001318    00000004     app_ble_pem3.oem3 (.const:ti_sysbios_rom_ROM_ti_sysbios_family_arm_cc26xx_Timer_setThreshold__I)

.const:ti_sysbios_rom_ROM_ti_sysbios_family_arm_cc26xx_Timer_start__E 
*          0    0000131c    00000004     
                  0000131c    00000004     app_ble_pem3.oem3 (.const:ti_sysbios_rom_ROM_ti_sysbios_family_arm_cc26xx_Timer_start__E)

.const:ti_sysbios_rom_ROM_ti_sysbios_family_arm_cc26xx_TimestampProvider_get32__E 
*          0    00001320    00000004     
                  00001320    00000004     app_ble_pem3.oem3 (.const:ti_sysbios_rom_ROM_ti_sysbios_family_arm_cc26xx_TimestampProvider_get32__E)

.const:ti_sysbios_rom_ROM_xdc_runtime_Startup_getState__I 
*          0    00001324    00000004     
                  00001324    00000004     app_ble_pem3.oem3 (.const:ti_sysbios_rom_ROM_xdc_runtime_Startup_getState__I)

.const:ti_sysbios_rom_ROM_xdc_runtime_System_SupportProxy_abort__E 
*          0    00001328    00000004     
                  00001328    00000004     app_ble_pem3.oem3 (.const:ti_sysbios_rom_ROM_xdc_runtime_System_SupportProxy_abort__E)

.const:ti_sysbios_rom_ROM_xdc_runtime_System_SupportProxy_exit__E 
*          0    0000132c    00000004     
                  0000132c    00000004     app_ble_pem3.oem3 (.const:ti_sysbios_rom_ROM_xdc_runtime_System_SupportProxy_exit__E)

.TI.bound:NV_FLASH 
*          0    0001e000    00001000     
                  0001e000    00001000     ble5_gemho_temp_cc2640r2lp_stack_library.lib : osal_snv_wrapper.obj (.TI.bound:NV_FLASH)

.data:ti_sysbios_knl_Task_Module__state__V 
*          0    20000100    00000044     UNINITIALIZED
                  20000100    00000044     app_ble_pem3.oem3 (.data:ti_sysbios_knl_Task_Module__state__V)

.data:ti_sysbios_family_arm_m3_Hwi_Module__state__V 
*          0    20000144    00000034     UNINITIALIZED
                  20000144    00000034     app_ble_pem3.oem3 (.data:ti_sysbios_family_arm_m3_Hwi_Module__state__V)

.data:ti_sysbios_knl_Clock_Module__state__V 
*          0    20000178    0000002c     UNINITIALIZED
                  20000178    0000002c     app_ble_pem3.oem3 (.data:ti_sysbios_knl_Clock_Module__state__V)

.data:ti_sysbios_BIOS_Module__state__V 
*          0    200001a4    00000024     UNINITIALIZED
                  200001a4    00000024     app_ble_pem3.oem3 (.data:ti_sysbios_BIOS_Module__state__V)

.data:ti_sysbios_knl_Swi_Module__state__V 
*          0    200001c8    0000001c     UNINITIALIZED
                  200001c8    0000001c     app_ble_pem3.oem3 (.data:ti_sysbios_knl_Swi_Module__state__V)

.data:ti_sysbios_family_arm_cc26xx_Timer_Module__state__V 
*          0    200001e4    00000008     UNINITIALIZED
                  200001e4    00000008     app_ble_pem3.oem3 (.data:ti_sysbios_family_arm_cc26xx_Timer_Module__state__V)

.data:ti_sysbios_family_arm_cc26xx_TimestampProvider_Module__state__V 
*          0    200001ec    00000004     UNINITIALIZED
                  200001ec    00000004     app_ble_pem3.oem3 (.data:ti_sysbios_family_arm_cc26xx_TimestampProvider_Module__state__V)

.data:xdc_runtime_Startup_Module__state__V 
*          0    200001f0    00000008     UNINITIALIZED
                  200001f0    00000008     app_ble_pem3.oem3 (.data:xdc_runtime_Startup_Module__state__V)

.data:xdc_runtime_System_Module__state__V 
*          0    200001f8    00000008     UNINITIALIZED
                  200001f8    00000008     app_ble_pem3.oem3 (.data:xdc_runtime_System_Module__state__V)

.data:xdc_runtime_Memory_Module__state__V 
*          0    20000200    00000004     UNINITIALIZED
                  20000200    00000004     app_ble_pem3.oem3 (.data:xdc_runtime_Memory_Module__state__V)

.data:xdc_runtime_Error_Module__state__V 
*          0    20000204    00000002     UNINITIALIZED
                  20000204    00000002     app_ble_pem3.oem3 (.data:xdc_runtime_Error_Module__state__V)

.bootVecs 
*          0    00000000    00000008     DSECT
                  00000000    00000008     boot.aem3 : boot.oem3 (.bootVecs)

.resetVecs 
*          0    00000000    0000003c     
                  00000000    0000003c     app_ble_pem3.oem3 (.resetVecs)

.vecs      0    20000000    000000c8     NOLOAD SECTION
                  20000000    000000c8     app_ble_pem3.oem3 (.vecs)

xdc.meta   0    00000000    00000117     COPY SECTION
                  00000000    00000117     app_ble_pem3.oem3 (xdc.meta)

xdc.noload 
*          0    00000000    00000000     COPY SECTION

.cinit     0    00018718    000004bc     
                  00018718    00000377     (.cinit..data.load) [load image, compression = lzss]
                  00018a8f    00000029     (.cinit..data:ti_sysbios_family_arm_m3_Hwi_Module__state__V.load) [load image, compression = lzss]
                  00018ab8    00000021     (.cinit..data:ti_sysbios_knl_Task_Module__state__V.load) [load image, compression = lzss]
                  00018ad9    0000001f     (.cinit..data:ti_sysbios_BIOS_Module__state__V.load) [load image, compression = lzss]
                  00018af8    0000001e     (.cinit..data:ti_sysbios_knl_Clock_Module__state__V.load) [load image, compression = lzss]
                  00018b16    00000010     (.cinit..data:ti_sysbios_knl_Swi_Module__state__V.load) [load image, compression = lzss]
                  00018b26    00000002     --HOLE-- [fill = 0]
                  00018b28    0000000c     (__TI_handler_table)
                  00018b34    0000000b     (.cinit..data:ti_sysbios_family_arm_cc26xx_Timer_Module__state__V.load) [load image, compression = lzss]
                  00018b3f    00000001     --HOLE-- [fill = 0]
                  00018b40    00000008     (.cinit..bss.load) [load image, compression = zero_init]
                  00018b48    00000008     (.cinit..data:xdc_runtime_Memory_Module__state__V.load) [load image, compression = lzss]
                  00018b50    00000007     (.cinit..data:ti_sysbios_family_arm_cc26xx_TimestampProvider_Module__state__V.load) [load image, compression = lzss]
                  00018b57    00000007     (.cinit..data:xdc_runtime_Startup_Module__state__V.load) [load image, compression = lzss]
                  00018b5e    00000007     (.cinit..data:xdc_runtime_System_Module__state__V.load) [load image, compression = lzss]
                  00018b65    00000006     (.cinit..data:xdc_runtime_Error_Module__state__V.load) [load image, compression = lzss]
                  00018b6b    00000001     --HOLE-- [fill = 0]
                  00018b6c    00000068     (__TI_cinit_table)

.init_array 
*          0    00000000    00000000     UNINITIALIZED

.ccfg      0    0001ffa8    00000058     
                  0001ffa8    00000058     ccfg_app_ble.obj (.ccfg:retain)

.data      0    20000208    00000e74     UNINITIALIZED
                  20000208    00000238     rf_singleMode_cc26x0r2.aem3 : RFCC26XX_singleMode.oem3 (.data:$O1$$)
                  20000440    00000180     ble5_gemho_temp_cc2640r2lp_stack_library.lib : gapbondmgr.obj (.data:$O1$$)
                  200005c0    00000130     devinfoservice.obj (.data:devInfoAttrTbl)
                  200006f0    00000114     drivers_cc26x0r2.aem3 : PowerCC26XX.oem3 (.data:PowerCC26XX_module)
                  20000804    000000f0     rtsv7M3_T_le_eabi.lib : defs.c.obj (.data:_ftable)
                  200008f4    00000090     cc26xx_profiles_pxxx.a : gapgattserver.o (.data)
                  20000984    0000007c     ble5_gemho_temp_cc2640r2lp_stack_library.lib : osal_cbtimer.obj (.data:$O1$$)
                  20000a00    00000078     rtsv7M3_T_le_eabi.lib : write.c.obj (.data:_device)
                  20000a78    00000050                           : write.c.obj (.data:_stream)
                  20000ac8    0000004c     app_ble_pem3.oem3 (.data:ti_sysbios_knl_Task_Object__table__V)
                  20000b14    00000004     ble5_gemho_temp_cc2640r2lp_stack_library.lib : osal_pwrmgr.obj (.data:$O1$$)
                  20000b18    00000048     app_ble_pem3.oem3 (.data:ti_sysbios_family_arm_cc26xx_Timer_Object__table__V)
                  20000b60    00000040     GemhoProfile.obj (.data:GemhoProfileAttrTbl)
                  20000ba0    0000003c     cc2640_ll_pxxx.a : ll_config.o (.data)
                  20000bdc    00000038     app_ble_pem3.oem3 (.data:ti_sysbios_gates_GateMutex_Object__table__V)
                  20000c14    00000030     app_ble_pem3.oem3 (.data:ti_sysbios_knl_Swi_Module_State_0_readyQ__A)
                  20000c44    00000030     app_ble_pem3.oem3 (.data:ti_sysbios_knl_Swi_Object__table__V)
                  20000c74    00000030     app_ble_pem3.oem3 (.data:ti_sysbios_knl_Task_Module_State_0_readyQ__A)
                  20000ca4    00000028     ble5_gemho_temp_cc2640r2lp_stack_library.lib : osal.obj (.data:$O1$$)
                  20000ccc    00000024     cc26xx_profiles_pxxx.a : gapgattserver.o (.data)
                  20000cf0    00000020     drivers_cc26x0r2.aem3 : ADCCC26XX.oem3 (.data:$O1$$)
                  20000d10    00000020     app_ble_pem3.oem3 (.data:ti_sysbios_knl_Clock_Object__table__V)
                  20000d30    00000020     app_ble_pem3.oem3 (.data:xdc_runtime_Error_IgnoreBlock)
                  20000d50    0000001f     peripheral.obj (.data:gapRole_AdvertData)
                  20000d6f    0000001f     peripheral.obj (.data:gapRole_ScanRspData)
                  20000d8e    00000002     cc26xx_sm_pxxx.a : sm_mgr.o (.data)
                  20000d90    0000001c     icall.obj (.data)
                  20000dac    0000001c     peripheral.obj (.data)
                  20000dc8    00000018     app_ble_pem3.oem3 (.data:ti_sysbios_family_arm_m3_Hwi_Object__table__V)
                  20000de0    00000015     simple_peripheral.obj (.data:attDeviceName)
                  20000df5    00000015     devinfoservice.obj (.data:devInfoFirmwareRev)
                  20000e0a    00000015     devinfoservice.obj (.data:devInfoHardwareRev)
                  20000e1f    00000015     devinfoservice.obj (.data:devInfoMfrName)
                  20000e34    00000015     devinfoservice.obj (.data:devInfoModelNumber)
                  20000e49    00000015     devinfoservice.obj (.data:devInfoSerialNumber)
                  20000e5e    00000015     devinfoservice.obj (.data:devInfoSoftwareRev)
                  20000e73    00000014     GemhoProfile.obj (.data:GemhoProfile_Gemho_serviceVal)
                  20000e87    00000014     simple_peripheral.obj (.data:scanRspData)
                  20000e9b    00000001     ECCROMCC26XX.obj (.data)
                  20000e9c    00000010     icall_user_config.obj (.data:bleAppServiceInfoTable)
                  20000eac    00000010     cc2640_ll_pxxx.a : ll.o (.data)
                  20000ebc    00000010     cc26xx_profiles_pxxx.a : gattservapp.o (.data)
                  20000ecc    00000010     icall_api_lite.obj (.data)
                  20000edc    00000010     ble_user_config.obj (.data:rfRegTblCoded)
                  20000eec    00000010     rtsv7M3_T_le_eabi.lib : defs.c.obj (.data)
                  20000efc    00000010     main.obj (.data:user0Cfg)
                  20000f0c    0000000e     devinfoservice.obj (.data:defaultDevInfo11073Cert)
                  20000f1a    00000002     app_ble_pem3.oem3 (.data:ti_sysbios_family_arm_m3_Hwi_Module_State_0_excActive__A)
                  20000f1c    0000000e     devinfoservice.obj (.data)
                  20000f2a    00000001     TRNGCC26XX.obj (.data)
                  20000f2b    00000001     ble5_gemho_temp_cc2640r2lp_stack_library.lib : npi.obj (.data)
                  20000f2c    0000000c     rtsv7M3_T_le_eabi.lib : exit.c.obj (.data:$O1$$)
                  20000f38    0000000c     cc2640_ll_pxxx.a : ll_common.o (.data)
                  20000f44    0000000c     ble_user_config.obj (.data:rfRegTbl)
                  20000f50    0000000c     app_ble_pem3.oem3 (.data:ti_sysbios_heaps_HeapCallback_Object__table__V)
                  20000f5c    0000000a     peripheral.obj (.data:gapRole_updateConnParams)
                  20000f66    00000001     cc26xx_gatt_pxxx.a : gatt_client.o (.data)
                  20000f67    00000001     cc26xx_profiles_pxxx.a : gapgattserver.o (.data)
                  20000f68    00000009     simple_peripheral.obj (.data)
                  20000f71    00000001     cc26xx_profiles_pxxx.a : gapgattserver.o (.data)
                  20000f72    00000001                            : gapgattserver.o (.data)
                  20000f73    00000001                            : gapgattserver.o (.data)
                  20000f74    00000008     ble5_gemho_temp_cc2640r2lp_stack_library.lib : hal_assert.obj (.data:$O1$$)
                  20000f7c    00000008                                                  : osal_clock.obj (.data:$O1$$)
                  20000f84    00000008     rtsv7M3_T_le_eabi.lib : _lock.c.obj (.data:$O1$$)
                  20000f8c    00000008     cc2640_ll_pxxx.a : ll_data.o (.data)
                  20000f94    00000008     cc26xx_profiles_pxxx.a : gapgattserver.o (.data)
                  20000f9c    00000008     devinfoservice.obj (.data:devInfoSystemId)
                  20000fa4    00000008     icall_cc2650.obj (.data)
                  20000fac    00000008     ble_user_config.obj (.data:rfRegTbl1M)
                  20000fb4    00000008     ble_user_config.obj (.data:rfRegTbl2M)
                  20000fbc    00000008     simple_peripheral.obj (.data:simpleBLEPeripheral_BondMgrCBs)
                  20000fc4    00000008     app_ble_pem3.oem3 (.data:ti_sysbios_family_arm_m3_Hwi_Module__root__V)
                  20000fcc    00000008     app_ble_pem3.oem3 (.data:ti_sysbios_gates_GateHwi_Module__root__V)
                  20000fd4    00000008     app_ble_pem3.oem3 (.data:ti_sysbios_gates_GateMutex_Module__root__V)
                  20000fdc    00000008     app_ble_pem3.oem3 (.data:ti_sysbios_hal_Hwi_Module__root__V)
                  20000fe4    00000008     app_ble_pem3.oem3 (.data:ti_sysbios_heaps_HeapCallback_Module__root__V)
                  20000fec    00000008     app_ble_pem3.oem3 (.data:ti_sysbios_heaps_HeapMem_Module__root__V)
                  20000ff4    00000008     app_ble_pem3.oem3 (.data:ti_sysbios_knl_Clock_Module__root__V)
                  20000ffc    00000008     app_ble_pem3.oem3 (.data:ti_sysbios_knl_Event_Module__root__V)
                  20001004    00000008     app_ble_pem3.oem3 (.data:ti_sysbios_knl_Mailbox_Module__root__V)
                  2000100c    00000008     app_ble_pem3.oem3 (.data:ti_sysbios_knl_Queue_Module__root__V)
                  20001014    00000008     app_ble_pem3.oem3 (.data:ti_sysbios_knl_Semaphore_Module__root__V)
                  2000101c    00000008     app_ble_pem3.oem3 (.data:ti_sysbios_knl_Swi_Module__root__V)
                  20001024    00000008     app_ble_pem3.oem3 (.data:ti_sysbios_knl_Task_Module__root__V)
                  2000102c    00000007     simple_peripheral.obj (.data:advertData)
                  20001033    00000007     devinfoservice.obj (.data:devInfoPnpId)
                  2000103a    00000006     peripheral.obj (.data:gapRole_AdvDirectAddr)
                  20001040    00000006     peripheral.obj (.data:gapRole_ConnectedDevAddr)
                  20001046    00000001     drivers_cc26x0r2.aem3 : ADC.oem3 (.data)
                  20001047    00000001     --HOLE--
                  20001048    00000005     GemhoProfile.obj (.data)
                  2000104d    00000003     --HOLE--
                  20001050    00000004     ble5_gemho_temp_cc2640r2lp_stack_library.lib : osal_snv_wrapper.obj (.data:$O1$$)
                  20001054    00000004     icall.obj (.data:ICall_initParams)
                  20001058    00000004     simple_peripheral.obj (.data:SimpleBLEPeripheral_gapRoleCBs)
                  2000105c    00000004     ble5_gemho_temp_cc2640r2lp_stack_library.lib : ble_user_config.obj (.data)
                  20001060    00000004                                                  : osal_bufmgr.obj (.data)
                  20001064    00000004     ble_user_config.obj (.data)
                  20001068    00000004     rtsv7M3_T_le_eabi.lib : errno.c.obj (.data)
                  2000106c    00000004                           : stkdepth_vars.c.obj (.data)
                  20001070    00000004     app_ble_pem3.oem3 (.data:ti_sysbios_family_arm_m3_Hwi_Module_State_0_excContext__A)
                  20001074    00000004     app_ble_pem3.oem3 (.data:ti_sysbios_family_arm_m3_Hwi_Module_State_0_excStack__A)
                  20001078    00000004     app_ble_pem3.oem3 (.data:ti_sysbios_knl_Task_Module_State_0_idleTask__A)

.bss       0    20001080    0000192d     UNINITIALIZED
                  20001080    00000800     GemhoProfile.obj (.bss:notifyTaskStack)
                  20001880    00000284     (.common:sbpTaskStack)
                  20001b04    00000278     cc2640_ll_pxxx.a : ll_privacy.o (.bss)
                  20001d7c    00000004     ECCROMCC26XX.obj (.bss)
                  20001d80    00000200     app_ble_pem3.oem3 (.bss:taskStackSection)
                  20001f80    000001e0     (.common:gapRoleTaskStack)
                  20002160    00000120     rtsv7M3_T_le_eabi.lib : trgmsg.c.obj (.bss:_CIOBUF_)
                  20002280    00000110     drivers_cc26x0r2.aem3 : PINCC26XX.oem3 (.bss:$O1$$)
                  20002390    000000dc     (.common:adcCC26xxObjects)
                  2000246c    000000c8     (.common:ti_sysbios_family_arm_m3_Hwi_dispatchTable)
                  20002534    000000a0     (.common:__TI_tmpnams)
                  200025d4    00000080     (.common:cryptoCC26XXObjects)
                  20002654    00000050     GemhoProfile.obj (.bss:notifyTask)
                  200026a4    00000050     (.common:gapRoleTask)
                  200026f4    00000050     (.common:sbpTask)
                  20002744    00000048     icall.obj (.bss:ICall_entities)
                  2000278c    00000038     cc2640_ll_pxxx.a : ble.o (.bss)
                  200027c4    00000024     icall.obj (.bss:ICall_tasks)
                  200027e8    00000024     cc2640_ll_pxxx.a : ll.o (.bss)
                  2000280c    00000024     peripheral.obj (.bss:startAdvClock)
                  20002830    00000024     peripheral.obj (.bss:startUpdateClock)
                  20002854    00000024     peripheral.obj (.bss:updateTimeoutClock)
                  20002878    0000001c     drivers_cc26x0r2.aem3 : CryptoCC26XX.oem3 (.bss:CryptoSem)
                  20002894    0000001c     cc2640_ll_pxxx.a : ble.o (.bss)
                  200028b0    00000014                      : ll.o (.bss)
                  200028c4    00000014     driverlib.lib : osc.obj (.bss:oscHfGlobals)
                  200028d8    00000014     peripheral.obj (.bss)
                  200028ec    00000010     peripheral.obj (.bss:gapRole_IRK)
                  200028fc    00000010     peripheral.obj (.bss:gapRole_SRK)
                  2000290c    0000000c     ble5_gemho_temp_cc2640r2lp_stack_library.lib : osal_timers.obj (.bss:$O1$$)
                  20002918    0000000c     simple_peripheral.obj (.bss:appMsg)
                  20002924    0000000c     cc2640_ll_pxxx.a : ll_scheduler.o (.bss)
                  20002930    0000000c     icall.obj (.bss)
                  2000293c    0000000c     simple_peripheral.obj (.bss)
                  20002948    00000008     dpl_cc26x0r2.aem3 : PowerCC26XX_tirtos.oem3 (.bss:$O1$$)
                  20002950    00000008     peripheral.obj (.bss:gapRole_bdAddr)
                  20002958    00000008     driverlib.lib : sys_ctrl.obj (.bss:powerQualGlobals)
                  20002960    00000008     rf_singleMode_cc26x0r2.aem3 : RFCC26XX_singleMode.oem3 (.bss)
                  20002968    00000008     (.common:parmbuf)
                  20002970    00000004     GemhoProfile.obj (.bss)
                  20002974    00000004     cc2640_ll_pxxx.a : ble.o (.bss)
                  20002978    00000004                      : ble.o (.bss)
                  2000297c    00000004                      : ll.o (.bss)
                  20002980    00000004                      : ll.o (.bss)
                  20002984    00000004     cc26xx_att_pxxx.a : att_client.o (.bss)
                  20002988    00000004     cc26xx_gatt_pxxx.a : gatt_client.o (.bss)
                  2000298c    00000004     (.common:ClockP_tickPeriod)
                  20002990    00000004     (.common:HEAPMGR_SIZE)
                  20002994    00000004     (.common:tasksEvents)
                  20002998    00000004     (.common:trngCC26XXObjects)
                  2000299c    00000002     cc2640_ll_pxxx.a : ll.o (.bss)
                  2000299e    00000002                      : ll.o (.bss)
                  200029a0    00000002                      : ll_slave_end_causes.o (.bss)
                  200029a2    00000001                      : ll.o (.bss)
                  200029a3    00000001                      : ll.o (.bss)
                  200029a4    00000001     cc26xx_hci_tl_none.a : hci_tl.o (.bss)
                  200029a5    00000001                          : hci_tl.o (.bss)
                  200029a6    00000001                          : hci_tl.o (.bss)
                  200029a7    00000001                          : hci_tl.o (.bss)
                  200029a8    00000001                          : hci_tl.o (.bss)
                  200029a9    00000001     (.common:driverlib_release_0_48919)
                  200029aa    00000001     (.common:g_hwiInt)
                  200029ab    00000001     (.common:icall_liteTaskId)
                  200029ac    00000001     (.common:osal_entity)

.vtable    0    200029ad    00000000     UNINITIALIZED

.vtable_ram 
*          0    200029ad    00000000     UNINITIALIZED

vtable_ram 
*          0    200029ad    00000000     UNINITIALIZED

.sysmem    0    200029ad    00000000     UNINITIALIZED

.nonretenvar 
*          0    200029ad    00000000     UNINITIALIZED

.stack     0    20004000    00000400     UNINITIALIZED
                  20004000    00000400     --HOLE--

.text.1    0    0000003c    00000fc4     
                  0000003c    00000f48     cc2640_ll_pxxx.a : ll.o (.text)
                  00000f84    00000008     ble_r2.symbols (.tramp.LL_ENC_GenerateTrueRandNum.1)
                  00000f8c    00000008     ble_r2.symbols (.tramp.LL_PRIV_GenerateRSA.1)
                  00000f94    00000008     ble_r2.symbols (.tramp.LL_ENC_Init.1)
                  00000f9c    00000064     icall.obj (.text:ICall_searchTask)

.text.2    0    00001330    0001635c     
                  00001330    00000a42     rtsv7M3_T_le_eabi.lib : _printfi.c.obj (.text:__TI_printfi)
                  00001d72    00000002     ble5_gemho_temp_cc2640r2lp_stack_library.lib : common_rom_init.obj (.text:CommonROM_Init)
                  00001d74    00000790     cc2640_ll_pxxx.a : ble.o (.text)
                  00002504    00000578     peripheral.obj (.text:GAPRole_SetParameter)
                  00002a7c    0000054c     cc2640_ll_pxxx.a : ll_adv_end_causes.o (.text)
                  00002fc8    00000548     peripheral.obj (.text:gapRole_processGAPMsg)
                  00003510    000004ec     cc2640_ll_pxxx.a : ll_slave_end_causes.o (.text)
                  000039fc    00000458                      : ll_slave_end_causes.o (.text)
                  00003e54    000003bc     rtsv7M3_T_le_eabi.lib : e_log.c.obj (.text:log)
                  00004210    0000032c     rf_singleMode_cc26x0r2.aem3 : RFCC26XX_singleMode.oem3 (.text:fsmActiveState)
                  0000453c    00000314     drivers_cc26x0r2.aem3 : PowerCC26XX_calibrateRCOSC.oem3 (.text:PowerCC26XX_auxISR)
                  00004850    0000030c     cc2640_ll_pxxx.a : ll.o (.text)
                  00004b5c    00000300                      : ll_scheduler.o (.text)
                  00004e5c    000002a8     ble5_gemho_temp_cc2640r2lp_stack_library.lib : gapbondmgr.obj (.text:GAPBondMgr_ProcessGAPMsg)
                  00005104    0000029c                                                  : gapbondmgr.obj (.text:GAPBondMgr_SetParameter)
                  000053a0    0000028c                                                  : gapbondmgr.obj (.text:GAPBondMgr_ProcessEvent)
                  0000562c    00000280     cc2640_ll_pxxx.a : ll_isr.o (.text)
                  000058ac    00000274     peripheral.obj (.text:GAPRole_GetParameter)
                  00005b20    00000260     rtsv7M3_T_le_eabi.lib : _printfi.c.obj (.text:_pconv_a)
                  00005d80    0000025c     simple_peripheral.obj (.text:SimpleBLEPeripheral_init)
                  00005fdc    0000024c     cc26xx_profiles_pxxx.a : gapgattserver.o (.text)
                  00006228    0000024c     drivers_cc26x0r2.aem3 : CryptoCC26XX.oem3 (.text:cryptoTransactionExecute)
                  00006474    00000240     GemhoProfile.obj (.text:SimpleNotify_taskFxn)
                  000066b4    00000240     cc2640_ll_pxxx.a : ll_isr.o (.text)
                  000068f4    0000023c     drivers_cc26x0r2.aem3 : PowerCC26XX.oem3 (.text:Power_sleep)
                  00006b30    00000210     cc2640_ll_pxxx.a : ll_common.o (.text)
                  00006d40    00000210                      : ll_slave_end_causes.o (.text)
                  00006f50    00000210     cc26xx_profiles_pxxx.a : gattservapp.o (.text)
                  00007160    0000020c     driverlib.lib : sys_ctrl.obj (.text:NOROM_SysCtrlSetRechargeBeforePowerDown)
                  0000736c    0000020c     cc2640_ll_pxxx.a : ll_common.o (.text)
                  00007578    00000208                      : ll_common.o (.text)
                  00007780    00000204     cc26xx_sm_pxxx.a : sm_pairing.o (.text)
                  00007984    000001f4     devinfoservice.obj (.text:DevInfo_SetParameter)
                  00007b78    000001f0     ECCROMCC26XX.obj (.text:ECCROMCC26XX_genDHKey)
                  00007d68    000001d0     cc2640_ll_pxxx.a : ll_common.o (.text)
                  00007f38    000001d0     ble5_gemho_temp_cc2640r2lp_stack_library.lib : gapbondmgr.obj (.text:gapBondMgrAddBond)
                  00008108    000001cc     rtsv7M3_T_le_eabi.lib : _printfi.c.obj (.text:_pconv_g)
                  000082d4    000001c8     cc2640_ll_pxxx.a : ll.o (.text)
                  0000849c    000001c8     rf_singleMode_cc26x0r2.aem3 : RFCC26XX_singleMode.oem3 (.text:fsmSetupState)
                  00008664    000001c8     ble5_gemho_temp_cc2640r2lp_stack_library.lib : osal.obj (.text:osal_run_system)
                  0000882c    000001b6     rtsv7M3_T_le_eabi.lib : fd_add_t2.asm.obj (.text)
                  000089e2    00000002     driverlib.lib : rfc.obj (.text:NOROM_RFCAdi3VcoLdoVoltageMode)
                  000089e4    000001b0     rf_singleMode_cc26x0r2.aem3 : RFCC26XX_singleMode.oem3 (.text:RF_open)
                  00008b94    000001b0     cc2640_ll_pxxx.a : ll_isr.o (.text)
                  00008d44    000001a8     rf_singleMode_cc26x0r2.aem3 : RFCC26XX_singleMode.oem3 (.text:RF_postCmd)
                  00008eec    000001a8     cc2640_ll_pxxx.a : ll.o (.text)
                  00009094    000001a8                      : ll.o (.text)
                  0000923c    000001a0     devinfoservice.obj (.text:devInfo_ReadAttrCB)
                  000093dc    00000190     drivers_cc26x0r2.aem3 : PowerCC26XX_calibrateRCOSC.oem3 (.text:PowerCC26XX_doCalibrate)
                  0000956c    0000018c     ECCROMCC26XX.obj (.text:ECCROMCC26XX_genKeys)
                  000096f8    0000018c     drivers_cc26x0r2.aem3 : PINCC26XX.oem3 (.text:PIN_init)
                  00009884    00000184     ble5_gemho_temp_cc2640r2lp_stack_library.lib : gapbondmgr.obj (.text:gapBondMgrAuthenticate)
                  00009a08    0000017c     rf_singleMode_cc26x0r2.aem3 : RFCC26XX_singleMode.oem3 (.text:abortCmd)
                  00009b84    00000174     cc26xx_gatt_pxxx.a : gatt_client.o (.text)
                  00009cf8    0000016c     peripheral.obj (.text:gapRole_taskFxn)
                  00009e64    00000160     cc26xx_gatt_pxxx.a : gatt_client.o (.text)
                  00009fc4    00000148     cc26xx_gap_pxxx.a : gap_linkmgr.o (.text)
                  0000a10c    00000144     cc2640_ll_pxxx.a : ll_common.o (.text)
                  0000a250    00000140     icall.obj (.text:ICall_waitMatch)
                  0000a390    0000013c     drivers_cc26x0r2.aem3 : PowerCC26XX.oem3 (.text:Power_init)
                  0000a4cc    0000013c     rtsv7M3_T_le_eabi.lib : _printfi.c.obj (.text:_pconv_e)
                  0000a608    00000138     cc2640_ll_pxxx.a : ll.o (.text)
                  0000a740    00000136     rtsv7M3_T_le_eabi.lib : fd_div_t2.asm.obj (.text)
                  0000a876    00000002     ble5_gemho_temp_cc2640r2lp_stack_library.lib : onboard.obj (.text:Onboard_soft_reset)
                  0000a878    00000134     icall.obj (.text:ICall_heapMalloc)
                  0000a9ac    00000134     cc2640_ll_pxxx.a : ll.o (.text)
                  0000aae0    0000012c     cc26xx_sm_pxxx.a : sm_task.o (.text)
                  0000ac0c    0000012c     ble5_gemho_temp_cc2640r2lp_stack_library.lib : osal_snv_wrapper.obj (.text:compactPage)
                  0000ad38    00000128     cc2640_ll_pxxx.a : ll_scheduler.o (.text)
                  0000ae60    00000128     ble5_gemho_temp_cc2640r2lp_stack_library.lib : gapbondmgr.obj (.text:gapBondMgrEraseBonding)
                  0000af88    00000120     rtsv7M3_T_le_eabi.lib : _printfi.c.obj (.text:fcvt)
                  0000b0a8    0000010c     rf_singleMode_cc26x0r2.aem3 : RFCC26XX_singleMode.oem3 (.text:hwiFxnCpe0Active)
                  0000b1b4    00000108     ble5_gemho_temp_cc2640r2lp_stack_library.lib : osal_snv_wrapper.obj (.text:NVOCOP_writeItem)
                  0000b2bc    00000108     cc2640_ll_pxxx.a : ll_adv_end_causes.o (.text)
                  0000b3c4    00000104     peripheral.obj (.text:gapRole_init)
                  0000b4c8    00000100     ble5_gemho_temp_cc2640r2lp_stack_library.lib : gapbondmgr.obj (.text:GAPBondMgr_LinkEst)
                  0000b5c8    000000fc     rtsv7M3_T_le_eabi.lib : fd_mul_t2.asm.obj (.text)
                  0000b6c4    000000f8     rf_singleMode_cc26x0r2.aem3 : RFCC26XX_singleMode.oem3 (.text:radioOpDoneCb)
                  0000b7bc    000000f4                                 : RFCC26XX_singleMode.oem3 (.text:fsmPowerUpState)
                  0000b8b0    000000f0     cc2640_ll_pxxx.a : ll_common.o (.text)
                  0000b9a0    000000f0     ble5_gemho_temp_cc2640r2lp_stack_library.lib : osal_timers.obj (.text:osalTimerUpdate)
                  0000ba90    000000e8                                                  : ble_user_config.obj (.text:setBleUserConfig)
                  0000bb78    000000e4     GemhoProfile.obj (.text:GemhoProfile_Notification)
                  0000bc5c    000000e4     cc26xx_gatt_pxxx.a : gatt_client.o (.text)
                  0000bd40    000000e0     cc26xx_sm_pxxx.a : sm_pairing.o (.text)
                  0000be20    000000dc     drivers_cc26x0r2.aem3 : PINCC26XX.oem3 (.text:PINCC26XX_setIoCfg)
                  0000befc    000000dc     cc2640_hci_pxxx.a : hci_event.o (.text)
                  0000bfd8    000000dc     ble5_gemho_temp_cc2640r2lp_stack_library.lib : osal.obj (.text:osal_set_event)
                  0000c0b4    000000dc     rtsv7M3_T_le_eabi.lib : setvbuf.c.obj (.text:setvbuf)
                  0000c190    000000d8     icall.obj (.text:ICall_heapInit)
                  0000c268    000000d8     cc26xx_gap_pxxx.a : gap_linkmgr.o (.text)
                  0000c340    000000d4     drivers_cc26x0r2.aem3 : CryptoCC26XX.oem3 (.text:CryptoCC26XX_open)
                  0000c414    000000d4     GemhoProfile.obj (.text:GemhoProfile_WriteAttrCB)
                  0000c4e8    000000d4     icall.obj (.text:ICall_enrollService)
                  0000c5bc    000000d4     dpl_cc26x0r2.aem3 : PowerCC26XX_tirtos.oem3 (.text:PowerCC26XX_standbyPolicy)
                  0000c690    000000d4     cc2640_ll_pxxx.a : ll_scheduler.o (.text)
                  0000c764    000000d0     rtsv7M3_T_le_eabi.lib : s_scalbn.c.obj (.text:scalbn)
                  0000c834    000000ce     cc26xx_sm_pxxx.a : sm_pairing.o (.text)
                  0000c902    00000002     ble5_gemho_temp_cc2640r2lp_stack_library.lib : sm_ecc.obj (.text:SM_dhKeyCB)
                  0000c904    000000cc     simple_peripheral.obj (.text:SimpleBLEPeripheral_processStateChangeEvt)
                  0000c9d0    000000cc     simple_peripheral.obj (.text:SimpleBLEPeripheral_taskFxn)
                  0000ca9c    000000cc     cc2640_ll_pxxx.a : ll.o (.text)
                  0000cb68    000000cc                      : ll_common.o (.text)
                  0000cc34    000000c8     peripheral.obj (.text:gapRole_startConnUpdate)
                  0000ccfc    000000c4     drivers_cc26x0r2.aem3 : ADCCC26XX.oem3 (.text:ADCCC26XX_convert)
                  0000cdc0    000000c4     cc26xx_sm_pxxx.a : sm_pairing.o (.text)
                  0000ce84    000000c2     cc2640_ll_pxxx.a : ll.o (.text)
                  0000cf46    00000002     ble5_gemho_temp_cc2640r2lp_stack_library.lib : sm_ecc.obj (.text:SM_p256KeyCB)
                  0000cf48    000000c0     icall.obj (.text:ICall_setTimer)
                  0000d008    000000c0     driverlib.lib : aux_adc.obj (.text:NOROM_AUXADCEnableSync)
                  0000d0c8    000000bc     drivers_cc26x0r2.aem3 : PowerCC26XX.oem3 (.text:Power_releaseDependency)
                  0000d184    000000bc     cc2640_hci_pxxx.a : hci_event.o (.text)
                  0000d240    000000bc     cc2640_ll_pxxx.a : ll_common.o (.text)
                  0000d2fc    000000b4     drivers_cc26x0r2.aem3 : PowerCC26XX.oem3 (.text:Power_setDependency)
                  0000d3b0    000000b4     cc2640_ll_pxxx.a : ll_adv_end_causes.o (.text)
                  0000d464    000000b1     rtsv7M3_T_le_eabi.lib : _printfi.c.obj (.text:_ltostr)
                  0000d515    00000001     --HOLE-- [fill = 0]
                  0000d516    00000002                           : _lock.c.obj (.text:_nop)
                  0000d518    000000b0     icall.obj (.text:ICall_registerApp)
                  0000d5c8    000000b0     simple_peripheral.obj (.text:SimpleBLEPeripheral_processStackMsg)
                  0000d678    000000b0     cc2640_hci_pxxx.a : hci_event.o (.text)
                  0000d728    000000b0     cc2640_ll_pxxx.a : ble.o (.text)
                  0000d7d8    000000b0     cc26xx_gap_pxxx.a : gap_linkmgr.o (.text)
                  0000d888    000000ac     driverlib.lib : setup.obj (.text:NOROM_SetupTrimDevice)
                  0000d934    000000ac     TRNGCC26XX.obj (.text:TRNGCC26XX_getNumber)
                  0000d9e0    000000ac     cc2640_ll_pxxx.a : ll.o (.text)
                  0000da8c    000000aa                      : ll_common.o (.text)
                  0000db36    00000002     rf_singleMode_cc26x0r2.aem3 : RFCC26XX_singleMode.oem3 (.text:defaultCallback)
                  0000db38    000000a8     icall.obj (.text:HEAPMGR_GETLARGESTFREEBUF)
                  0000dbe0    000000a8     icall.obj (.text:ICall_send)
                  0000dc88    000000a8     icall.obj (.text:ICall_sendServiceComplete)
                  0000dd30    000000a8     cc26xx_gatt_pxxx.a : gatt_client.o (.text)
                  0000ddd8    000000a8     icall.obj (.text:icall_directAPI)
                  0000de80    000000a4     main.obj (.text:AssertHandler)
                  0000df24    000000a4     ble5_gemho_temp_cc2640r2lp_stack_library.lib : gapbondmgr.obj (.text:GAPBondMgr_ResolveAddr)
                  0000dfc8    000000a4     icall.obj (.text:ICall_newTask)
                  0000e06c    000000a4     ble5_gemho_temp_cc2640r2lp_stack_library.lib : osal_cbtimer.obj (.text:cbTimerSetup)
                  0000e110    000000a0     auto_init.aem3 : auto_init.oem3 (.text)
                  0000e1b0    000000a0     cc2640_hci_pxxx.a : hci_event.o (.text)
                  0000e250    000000a0     cc2640_ll_pxxx.a : ll_common.o (.text)
                  0000e2f0    000000a0                      : ll_common.o (.text)
                  0000e390    000000a0     ble5_gemho_temp_cc2640r2lp_stack_library.lib : gapbondmgr.obj (.text:gapBondMgrUpdateCharCfg)
                  0000e430    0000009c                                                  : gapbondmgr.obj (.text:GAPBondMgr_syncResolvingList)
                  0000e4cc    0000009c     icall.obj (.text:ICall_createRemoteTasks)
                  0000e568    0000009c     rtsv7M3_T_le_eabi.lib : memcpy_t2.asm.obj (.text)
                  0000e604    00000098     icall_cc2650.obj (.text:ICallPlatform_pwrUpdActivityCounter)
                  0000e69c    00000098     drivers_cc26x0r2.aem3 : PINCC26XX.oem3 (.text:PIN_open)
                  0000e734    00000098     cc2640_ll_pxxx.a : ll.o (.text)
                  0000e7cc    00000098                      : ll.o (.text)
                  0000e864    00000098     ble5_gemho_temp_cc2640r2lp_stack_library.lib : osal_cbtimer.obj (.text:osal_CbTimerProcessEvent)
                  0000e8fc    00000098     rom_sysbios.aem3 : rom_sysbios.obj (.text:ti_sysbios_knl_Clock_workFuncDynamic__E)
                  0000e994    00000096     gattservapp_util.obj (.text:GATTServApp_ProcessCCCWriteReq)
                  0000ea2a    00000096     rtsv7M3_T_le_eabi.lib : ull_div_t2.asm.obj (.text)
                  0000eac0    00000094     driverlib.lib : aux_adc.obj (.text:NOROM_AUXADCDisable)
                  0000eb54    00000094     cc2640_ll_pxxx.a : ll_enc.o (.text)
                  0000ebe8    00000092                      : ll_common.o (.text)
                  0000ec7a    00000002     drivers_cc26x0r2.aem3 : PowerCC26XX.oem3 (.text:emptyClockFunc)
                  0000ec7c    00000090     driverlib.lib : crypto.obj (.text:NOROM_CRYPTOAesLoadKey)
                  0000ed0c    00000090     cc26xx_gatt_pxxx.a : gatt_client.o (.text)
                  0000ed9c    00000090     cc26xx_hci_tl_none.a : hci_tl.o (.text)
                  0000ee2c    0000008c     icall.obj (.text:ICall_getEntityId)
                  0000eeb8    0000008c     driverlib.lib : setup.obj (.text:TrimAfterColdResetWakeupFromShutDown)
                  0000ef44    0000008c     cc2640_ll_pxxx.a : ll_enc.o (.text)
                  0000efd0    0000008c                      : ll_isr.o (.text)
                  0000f05c    0000008c     cc26xx_gatt_pxxx.a : gatt_client.o (.text)
                  0000f0e8    0000008c     drivers_cc26x0r2.aem3 : PowerCC26XX.oem3 (.text:disableLFClockQualifiers)
                  0000f174    0000008c     rtsv7M3_T_le_eabi.lib : fputc.c.obj (.text:fputc)
                  0000f200    00000088     drivers_cc26x0r2.aem3 : ADCCC26XX.oem3 (.text:ADCCC26XX_open)
                  0000f288    00000088     cc2640_hci_pxxx.a : hci_event.o (.text)
                  0000f310    00000088     cc2640_ll_pxxx.a : ll.o (.text)
                  0000f398    00000088                      : ll_common.o (.text)
                  0000f420    00000088     cc26xx_profiles_pxxx.a : gapgattserver.o (.text)
                  0000f4a8    00000088     ble5_gemho_temp_cc2640r2lp_stack_library.lib : osal_snv_wrapper.obj (.text:writeWord)
                  0000f530    00000086     rtsv7M3_T_le_eabi.lib : fd_cmp_t2.asm.obj (.text:__aeabi_cdcmple)
                  0000f5b6    00000086                           : fd_cmp_t2.asm.obj (.text:__aeabi_cdrcmple)
                  0000f63c    00000086     cc2640_ll_pxxx.a : ll_common.o (.text)
                  0000f6c2    00000086     cc26xx_gatt_pxxx.a : gatt_client.o (.text)
                  0000f748    00000084     icall.obj (.text:ICall_wait)
                  0000f7cc    00000084     ble5_gemho_temp_cc2640r2lp_stack_library.lib : osal.obj (.text:osal_event_send)
                  0000f850    00000084     drivers_cc26x0r2.aem3 : PowerCC26XX.oem3 (.text:switchXOSCHFclockFunc)
                  0000f8d4    00000080     GemhoProfile.obj (.text:GemhoProfile_AddService)
                  0000f954    00000080     rf_singleMode_cc26x0r2.aem3 : RFCC26XX_singleMode.oem3 (.text:RF_pendCmd)
                  0000f9d4    00000080     cc2640_ll_pxxx.a : ll.o (.text)
                  0000fa54    00000080     cc26xx_gatt_pxxx.a : gatt_client.o (.text)
                  0000fad4    00000080     ble5_gemho_temp_cc2640r2lp_stack_library.lib : osal_icall_ble.obj (.text:osalInitTasks)
                  0000fb54    0000007e     cc2640_ll_pxxx.a : ll.o (.text)
                  0000fbd2    0000007e     cc26xx_profiles_pxxx.a : gattservapp.o (.text)
                  0000fc50    0000007c     simple_peripheral.obj (.text:SimpleBLEPeripheral_sendAttRsp)
                  0000fccc    0000007c     cc2640_ll_pxxx.a : ll_scheduler.o (.text)
                  0000fd48    0000007c     cc26xx_gap_pxxx.a : gap_linkmgr.o (.text)
                  0000fdc4    0000007c     cc26xx_gatt_pxxx.a : gatt_client.o (.text)
                  0000fe40    0000007c     rtsv7M3_T_le_eabi.lib : fflush.c.obj (.text:fflush)
                  0000febc    0000007c     rf_singleMode_cc26x0r2.aem3 : RFCC26XX_singleMode.oem3 (.text:swiFxnHw)
                  0000ff38    0000007a     drivers_cc26x0r2.aem3 : CryptoCC26XX.oem3 (.text:CryptoCC26XX_allocateKey)
                  0000ffb2    0000007a     rtsv7M3_T_le_eabi.lib : memset_t2.asm.obj (.text)
                  0001002c    00000078     ECCROMCC26XX.obj (.text:ECCROMCC26XX_Params_init)
                  000100a4    00000078     GemhoProfile.obj (.text:GemhoProfile_ReadAttrCB)
                  0001011c    00000078     cc2640_ll_pxxx.a : ll_common.o (.text)
                  00010194    00000078                      : ll_enc.o (.text)
                  0001020c    00000078     peripheral.obj (.text:gapRole_processStackMsg)
                  00010284    00000076     cc2640_ll_pxxx.a : ll_common.o (.text)
                  000102fa    00000002     ble5_gemho_temp_cc2640r2lp_stack_library.lib : hal_assert.obj (.text:halAssertHandler)
                  000102fc    00000074     gattservapp_util.obj (.text:GATTServApp_InitCharCfg)
                  00010370    00000074     driverlib.lib : rfc.obj (.text:NOROM_RFCOverrideUpdate)
                  000103e4    00000074     rtsv7M3_T_le_eabi.lib : fclose.c.obj (.text:__TI_closefile)
                  00010458    00000074     cc2640_ll_pxxx.a : ll_common.o (.text)
                  000104cc    00000074                      : ll_common.o (.text)
                  00010540    00000074                      : ll_common.o (.text)
                  000105b4    00000074     cc26xx_gatt_pxxx.a : gatt_client.o (.text)
                  00010628    00000074     ble5_gemho_temp_cc2640r2lp_stack_library.lib : osal.obj (.text:osal_msg_enqueue_push)
                  0001069c    00000074     rom_sysbios.aem3 : rom_sysbios.obj (.text:ti_sysbios_family_arm_cc26xx_Timer_start__E)
                  00010710    00000070     cc2640_ll_pxxx.a : ll_common.o (.text)
                  00010780    00000070     ble5_gemho_temp_cc2640r2lp_stack_library.lib : gapbondmgr.obj (.text:gapBondMgrBondReq)
                  000107f0    00000070                                                  : osal.obj (.text:osal_msg_receive)
                  00010860    0000006e     rtsv7M3_T_le_eabi.lib : _printfi.c.obj (.text:_mcpy)
                  000108ce    00000002     ble5_gemho_temp_cc2640r2lp_stack_library.lib : hal_assert.obj (.text:halAssertSpinlock)
                  000108d0    0000006c     icall.obj (.text:ICall_init)
                  0001093c    0000006c     driverlib.lib : osc.obj (.text:NOROM_OSCHF_AttemptToSwitchToXosc)
                  000109a8    0000006c     drivers_cc26x0r2.aem3 : PowerCC26XX_calibrateRCOSC.oem3 (.text:PowerCC26XX_initiateCalibration)
                  00010a14    0000006c     cc2640_ll_pxxx.a : ble.o (.text)
                  00010a80    0000006c                      : ll.o (.text)
                  00010aec    0000006c                      : ll_common.o (.text)
                  00010b58    0000006c                      : ll_scheduler.o (.text)
                  00010bc4    0000006c     cc26xx_gatt_pxxx.a : gatt_client.o (.text)
                  00010c30    0000006c     drivers_cc26x0r2.aem3 : PowerCC26XX.oem3 (.text:configureXOSCHF)
                  00010c9c    0000006c     ble5_gemho_temp_cc2640r2lp_stack_library.lib : osal_cbtimer.obj (.text:osal_CbTimerUpdate)
                  00010d08    00000068     rtsv7M3_T_le_eabi.lib : hostlseek.c.obj (.text:HOSTlseek)
                  00010d70    00000068                           : hostrename.c.obj (.text:HOSTrename)
                  00010dd8    00000068     driverlib.lib : sys_ctrl.obj (.text:NOROM_SysCtrl_DCDC_VoltageConditionalControl)
                  00010e40    00000068     cc2640_ll_pxxx.a : ll.o (.text)
                  00010ea8    00000068                      : ll.o (.text)
                  00010f10    00000068                      : ll.o (.text)
                  00010f78    00000068                      : ll.o (.text)
                  00010fe0    00000068                      : ll_common.o (.text)
                  00011048    00000068                      : ll_common.o (.text)
                  000110b0    00000068                      : ll_privacy.o (.text)
                  00011118    00000068     rf_singleMode_cc26x0r2.aem3 : RFCC26XX_singleMode.oem3 (.text:decActiveClientCnt)
                  00011180    00000068     rtsv7M3_T_le_eabi.lib : copy_decompress_lzss.c.obj (.text:decompress:lzss:__TI_decompress_lzss)
                  000111e8    00000068     main.obj (.text:main)
                  00011250    00000066     cc2640_ll_pxxx.a : ll_common.o (.text)
                  000112b6    00000066                      : ll_common.o (.text)
                  0001131c    00000066                      : ll_privacy.o (.text)
                  00011382    00000066                      : ll_privacy.o (.text)
                  000113e8    00000064     driverlib.lib : sys_ctrl.obj (.text:NOROM_SysCtrlAdjustRechargeAfterPowerDown)
                  0001144c    00000064     cc26xx_profiles_pxxx.a : gattservapp.o (.text)
                  000114b0    00000064     ble5_gemho_temp_cc2640r2lp_stack_library.lib : osal_snv_wrapper.obj (.text:findItem)
                  00011514    00000064     rtsv7M3_T_le_eabi.lib : fseek.c.obj (.text:fseek)
                  00011578    00000064     rf_singleMode_cc26x0r2.aem3 : RFCC26XX_singleMode.oem3 (.text:fsmXOSCState)
                  000115dc    00000062     rtsv7M3_T_le_eabi.lib : _io_perm.c.obj (.text:__TI_wrt_ok)
                  0001163e    00000062     cc2640_ll_pxxx.a : ll_common.o (.text)
                  000116a0    00000062                      : ll_privacy.o (.text)
                  00011702    00000002     rtsv7M3_T_le_eabi.lib : div0.asm.obj (.text)
                  00011704    00000060     ECCROMCC26XX.obj (.text:ECC_initGlobals)
[...]
20002968  parmbuf                                                                   
20002974  linkCmd                                                                   
20002978  linkParam                                                                 
2000297c  dtmInfo                                                                   
20002980  scanInfo                                                                  
20002988  clientInfoTbl                                                             
2000298c  ClockP_tickPeriod                                                         
20002990  HEAPMGR_SIZE                                                              
20002994  tasksEvents                                                               
20002998  trngCC26XXObjects                                                         
2000299c  connInitialMaxTxTimeUncoded                                               
2000299e  connInitialMaxTxTimeCoded                                                 
200029a2  defaultPhy                                                                
200029a3  scanReqRpt                                                                
200029a4  hciTaskID                                                                 
200029a5  hciL2capTaskID                                                            
200029a6  hciGapTaskID                                                              
200029a7  hciSmpTaskID                                                              
200029a8  hciTestTaskID                                                             
200029a9  driverlib_release_0_48919                                                 
200029aa  g_hwiInt                                                                  
200029ab  icall_liteTaskId                                                          
200029ac  osal_entity                                                               
200029ad  heapStart                                                                 
20004000  __stack                                                                   
20004000  heapEnd                                                                   
20004400  __STACK_END                                                               
20004400  __STACK_TOP                                                               
200044f8  RAM_BASE_ADDR                                                             
20004504  ROM_FlashJT                                                               
20004508  gapParameters                                                             
20004558  gapPeripheralCBs                                                          
20004564  gapPeripheralConnCBs                                                      
20004584  smResponderCBs                                                            
2000459c  slaveConnHandle                                                           
2000459e  nextHandle                                                                
200045a0  l2capMtuSize                                                              
200045a2  gapAppTaskID                                                              
200045a3  gapAdvAppTaskID                                                           
200045a4  gapUnwantedTaskID                                                         
200045a5  reqTaskId                                                                 
200045a6  gattAppTaskID                                                             
200045a7  appTaskID                                                                 
200045a8  flowCtrlTaskId                                                            
200045a9  SM_appTaskID                                                              
200046ec  scanDataEntry                                                             
200047cc  wlTable                                                                   
200048a8  wlTableScan                                                               
20004988  rfObject                                                                  
20004a20  advCmd                                                                    
20004a68  localEccKeys                                                              
20004aac  initDataEntry                                                             
20004b1c  l2capFixedChannels                                                        
20004b4c  linkCBs                                                                   
20004b7c  eccParams                                                                 
20004bac  initParam                                                                 
20004bd0  scanParam                                                                 
20004bf4  advParam                                                                  
20004c14  cryptoPRAND                                                               
20004c34  txModemTestCmd                                                            
20004c50  gapParams                                                                 
20004c6c  initCmd                                                                   
20004c84  connReqData                                                               
20004c9c  scanCmd                                                                   
20004cb4  scanOutput                                                                
20004ce4  rxModemTestCmd                                                            
20004cfc  rsp                                                                       
20004d14  fwParDtmCmd                                                               
20004d44  fwParRfCmd                                                                
20004d5c  connOutput                                                                
20004d70  rxTestParam                                                               
20004d84  initDataQueue                                                             
20004d94  scanDataQueue                                                             
20004da4  advDataQueue                                                              
20004db4  advOutput                                                                 
20004dc4  txTestParam                                                               
20004dd4  initOutput                                                                
20004de0  rxTestOut                                                                 
20004df8  cachedTRNGdata                                                            
20004e04  gapCurrentRandomAddr                                                      
20004e0c  slaveUpdateReq                                                            
20004e14  pBleEvtMask                                                               
20004e1c  pHciEvtMask                                                               
20004e24  pHciEvtMask2                                                              
20004e2c  ownPublicAddr                                                             
20004e34  ownRandomAddr                                                             
20004e3c  ownSavedPublicAddr                                                        
20004e44  fwImmedCmd                                                                
20004e4c  attServerNotifyTxCB                                                       
20004e50  rfEvent                                                                   
20004e58  fwParCmd                                                                  
20004e60  verInfo                                                                   
20004e68  llConns                                                                   
20004e70  fwParamImmedCmd                                                           
20004e78  privInfo                                                                  
20004e88  rxDataQ                                                                   
20004e8c  txDataQ                                                                   
20004e90  rxRingBuf                                                                 
20004e94  txTestOut                                                                 
20004e98  pGapDiscReq                                                               
20004e9c  pGapAdvertState                                                           
20004ea0  pEstLink                                                                  
20004ea4  pAuthLink                                                                 
20004ea8  pfnCentralConnCBs                                                         
20004eac  pfnPeripheralConnCBs                                                      
20004eb0  pGapAdvTokens                                                             
20004eb4  pGapAdData                                                                
20004eb8  pGapScanRspData                                                           
20004ebc  pfnPeripheralCBs                                                          
20004ec0  pfnCentralCBs                                                             
20004ec4  pfnBondMgrCBs                                                             
20004ec8  serverInfoTbl                                                             
20004ecc  pServiceList                                                              
20004ed0  pfnServerProcessMsgCB                                                     
20004ed4  pfnClientProcessMsgCB                                                     
20004ed8  prepareWritesTbl                                                          
20004edc  serviceCBsList                                                            
20004ee0  pAttrValue                                                                
20004ee4  l2capChannels                                                             
20004ee8  linkDB                                                                    
20004eec  rfHandle                                                                  
20004ef0  rfDrvTblPtr                                                               
20004ef4  eccDrvTblPtr                                                              
20004ef8  cryptoDrvTblPtr                                                           
20004efc  trngDrvTblPtr                                                             
20004f00  activeConns                                                               
20004f04  SysBootMsg                                                                
20004f08  sclkSrc                                                                   
20004f0c  buildInfo                                                                 
20004f10  advInfo                                                                   
20004f18  initInfo                                                                  
20004f20  taskEndAction                                                             
20004f24  encParams                                                                 
20004f28  encHandle                                                                 
20004f2c  encKey                                                                    
20004f30  pPairingParams                                                            
20004f34  pfnResponderCBs                                                           
20004f38  pfnInitiatorCBs                                                           
20004f3c  gapLimitedAdvertisingTimeout                                              
20004f3e  attrLen                                                                   
20004f40  numHostBufs                                                               
20004f42  rfCmdHandle                                                               
20004f44  connInitialMaxTxOctets                                                    
20004f46  connInitialMaxTxTime                                                      
20004f48  supportedMaxTxOctets                                                      
20004f4a  supportedMaxTxTime                                                        
20004f4c  supportedMaxRxOctets                                                      
20004f4e  supportedMaxRxTime                                                        
20004f50  taskEndStatus                                                             
20004f52  postRfOperations                                                          
20004f54  rfCfgAdiVal                                                               
20004f58  gapProfileRole                                                            
20004f59  gapDeviceAddrMode                                                         
20004f5a  gapState                                                                  
20004f5b  terminateAllTaskID                                                        
20004f5c  terminateReason                                                           
20004f5d  gapTaskID                                                                 
20004f5e  gattNumConns                                                              
20004f5f  gattTaskID                                                                
20004f60  GATTServApp_TaskID                                                        
20004f61  maxNumPrepareWrites                                                       
20004f62  hciPTMenabled                                                             
20004f63  ctrlToHostEnable                                                          
20004f64  l2capFlowCtrlMode                                                         
20004f65  l2capTaskID                                                               
20004f66  l2capNumChannels                                                          
20004f67  l2capNumDataPkts                                                          
20004f68  l2capId                                                                   
20004f69  linkDBNumConns                                                            
20004f6a  linkDB_secureConnectionOnlyMode                                           
20004f6b  maxPduSize                                                                
20004f6c  rfFeModeBias                                                              
20004f6d  maxNumTxDataBufs                                                          
20004f6e  LL_TaskID                                                                 
20004f6f  llState                                                                   
20004f70  rssiCorrection                                                            
20004f71  curTxPowerVal                                                             
20004f72  maxTxPwrForDTM                                                            
20004f73  onePktPerEvt                                                              
20004f74  numComplPkts                                                              
20004f75  numComplPktsLimit                                                         
20004f76  numComplPktsFlush                                                         
20004f77  fastTxRespTime                                                            
20004f78  slOverride                                                                
20004f79  rxFifoFlowCtrl                                                            
20004f7a  numTxDataBufs                                                             
20004f7b  maxNumConns                                                               
20004f7c  smTaskID                                                                  
20004f7d  SM_appExpectingKey                                                        
20004f80  ECC_DATA$$Base                                                            
20004f80  eccRom_param_Gx                                                           
20004f84  eccRom_param_Gy                                                           
20004f88  eccRom_workzone                                                           
20004f8c  eccRom_param_p                                                            
20004f90  eccRom_param_r                                                            
20004f94  eccRom_param_a                                                            
20004f98  eccRom_param_b                                                            
20004f9c  eccRom_windowSize                                                         
20004fa0  aux64                                                                     
20004fa8  MOD                                                                       
20004fac  LEN                                                                       
20004fb0  inScalar                                                                  
20004fb4  inPointX                                                                  
20004fb8  inPointY                                                                  
20004fbc  outPointX                                                                 
20004fc0  outPointY                                                                 
20004fc4  SCAL                                                                      
20004fc8  EXPX                                                                      
20004fcc  EXPY                                                                      
20004fd0  EXPZ                                                                      
20004fd4  EXPW                                                                      
20004fd8  ACCX                                                                      
20004fdc  ACCY                                                                      
20004fe0  ACCZ                                                                      
20004fe4  TMP1                                                                      
20004fe8  TMP2                                                                      
20004fec  TMP3                                                                      
20004ff0  TMP4                                                                      
20004ff4  TMP5                                                                      
20004ff8  TMP6                                                                      
20004ffc  MSBMOD                                                                    
20005000  ECC_DATA$$Limit                                                           
20005000  __UNUSED_SRAM_end__                                                       
e000e000  ti_sysbios_family_arm_m3_Hwi_nvic                                         
ffffffff  __TI_pprof_out_hndl                                                       
ffffffff  __TI_prof_data_size                                                       
ffffffff  __TI_prof_data_start                                                      
ffffffff  __binit__                                                                 
ffffffff  __c_args__                                                                
ffffffff  binit                                                                     
UNDEFED   SHT$$INIT_ARRAY$$Base                                                     
UNDEFED   SHT$$INIT_ARRAY$$Limit                                                    

[2357 symbols]
